// Jest Snapshot v1, https://goo.gl/fbAQLP

exports[`the FilterBlock component  should render correctly 1`] = `
<DocumentFragment>
  <div
    data-testid="test-filter-block"
  >
    <h3>
      Filter Categories
    </h3>
    <div>
      <button
        data-testid="filter-button"
        type="button"
      >
        All
      </button>
    </div>
  </div>
</DocumentFragment>
`;
